// Jest Snapshot v1, https://goo.gl/fbAQLP

exports[`that LoginRow renders 1`] = `
<div
  style={
    Object {
      "display": "flex",
      "flexWrap": "wrap",
      "paddingTop": "20px",
    }
  }
>
  <div
    style={
      Object {
        "alignSelf": "center",
        "backgroundColor": "green",
        "borderRadius": "10px",
        "height": "20px",
        "marginRight": "10px",
        "width": "20px",
      }
    }
  />
  <button
    onClick={[Function]}
  >
    Button text!
  </button>
</div>
`;
