// Jest Snapshot v1, https://goo.gl/fbAQLP

exports[`that LogInButton renders 1`] = `
<button
  onClick={[Function]}
>
  Button text!
</button>
`;
